src/app/subjects/page.tsx(4,75): error TS2305: Module '"lucide-react"' has no exported member 'Youtube'.
